// Jest Snapshot v1, https://goo.gl/fbAQLP

exports[`SuggestionList renders empty correctly 1`] = `
<ul
  className="root"
/>
`;
